// Jest Snapshot v1, https://goo.gl/fbAQLP

exports[`pipe snapshot tests adjacent images overlap 1`] = `
Array [
  Object {
    "nodes": Array [
      "- we can think of callbacks as a continuation, a secondary half that runs after a time-gap that separates it from the first half",
    ],
    "style": undefined,
  },
  Object {
    "nodes": Array [
      "\\"w",
      Object {
        "_": "hen we refer to functions as continuations, what we mean is, we did the first half of our program now, and we wrap the second half of our program up in a callback",
        "tags": Array [
          Array [
            "span",
            Object {
              "style": Object {
                "color": "#e6e6e6",
              },
            },
          ],
        ],
      },
      "\\"",
    ],
    "style": undefined,
  },
  Object {
    "nodes": Array [],
    "style": undefined,
  },
  Object {
    "nodes": Array [
      "- the instructor suggests that callback hell doesnt actually have to do with indentation, as we could rewrite a \\"callback hell\\" without nesting",
    ],
    "style": undefined,
  },
  Object {
    "nodes": Array [
      Object {
        "$": Object {
          "height": 100,
          "justification": "left",
          "width": 100,
        },
        "other_attributes": Object {
          "offset": 440,
        },
        "style": Object {
          "height": "100px",
          "width": "100px",
        },
        "type": "png",
      },
      Object {
        "$": Object {
          "height": 200,
          "justification": "left",
          "width": 200,
        },
        "other_attributes": Object {
          "offset": 441,
        },
        "style": Object {
          "height": "200px",
          "width": "200px",
        },
        "type": "png",
      },
    ],
    "style": undefined,
  },
  Object {
    "nodes": Array [
      "the instructor suggests that t",
      Object {
        "_": "here are two conceptually deficient",
        "tags": Array [
          Array [
            "span",
            Object {
              "style": Object {
                "color": "#e6e6e6",
              },
            },
          ],
        ],
      },
      " problems with callbacks",
    ],
    "style": undefined,
  },
]
`;

exports[`pipe snapshot tests empty newline ignored 1`] = `
Array [
  Object {
    "nodes": Array [
      "the instructor suggests",
    ],
    "style": undefined,
  },
  Object {
    "nodes": Array [],
    "style": undefined,
  },
  Object {
    "nodes": Array [
      "generators will solve",
    ],
    "style": undefined,
  },
  Object {
    "nodes": Array [],
    "style": undefined,
  },
  Object {
    "nodes": Array [],
    "style": undefined,
  },
  Object {
    "nodes": Array [
      "if a yield",
    ],
    "style": undefined,
  },
  Object {
    "nodes": Array [],
    "style": undefined,
  },
  Object {
    "nodes": Array [
      "instead ",
    ],
    "style": undefined,
  },
  Object {
    "nodes": Array [],
    "style": undefined,
  },
  Object {
    "nodes": Array [],
    "style": undefined,
  },
  Object {
    "nodes": Array [],
    "style": undefined,
  },
  Object {
    "nodes": Array [
      "yield > pause > then > it.next",
    ],
    "style": undefined,
  },
]
`;

exports[`pipe snapshot tests monospace style not fully applied 1`] = `
Array [
  Object {
    "nodes": Array [
      Object {
        "_": "i ",
        "tags": Array [
          Array [
            "code",
            Object {
              "style": Object {
                "background-color": "#2B2B2B",
                "color": "#89ddff",
              },
            },
          ],
          Array [
            "small",
            Object {},
          ],
        ],
      },
      Object {
        "_": "a ",
        "tags": Array [
          Array [
            "code",
            Object {
              "style": Object {
                "background-color": "#2B2B2B",
              },
            },
          ],
          Array [
            "small",
            Object {},
          ],
        ],
      },
      Object {
        "_": "f ",
        "tags": Array [
          Array [
            "code",
            Object {
              "style": Object {
                "background-color": "#2B2B2B",
                "color": "#c792ea",
              },
            },
          ],
          Array [
            "small",
            Object {},
          ],
        ],
      },
      Object {
        "_": "''",
        "tags": Array [
          Array [
            "code",
            Object {
              "style": Object {
                "background-color": "#2B2B2B",
                "color": "#c3e88d",
              },
            },
          ],
          Array [
            "small",
            Object {},
          ],
        ],
      },
      Object {
        "_": ";",
        "tags": Array [
          Array [
            "code",
            Object {
              "style": Object {
                "background-color": "#2B2B2B",
                "color": "#89ddff",
              },
            },
          ],
          Array [
            "small",
            Object {},
          ],
        ],
      },
    ],
    "style": undefined,
  },
  Object {
    "nodes": Array [
      Object {
        "_": "import * ",
        "tags": Array [
          Array [
            "code",
            Object {
              "style": Object {
                "background-color": "#2B2B2B",
                "color": "#89ddff",
              },
            },
          ],
          Array [
            "small",
            Object {},
          ],
        ],
      },
      Object {
        "_": "f ",
        "tags": Array [
          Array [
            "code",
            Object {
              "style": Object {
                "background-color": "#2B2B2B",
                "color": "#c792ea",
              },
            },
          ],
          Array [
            "small",
            Object {},
          ],
        ],
      },
      Object {
        "_": "''",
        "tags": Array [
          Array [
            "code",
            Object {
              "style": Object {
                "background-color": "#2B2B2B",
                "color": "#c3e88d",
              },
            },
          ],
          Array [
            "small",
            Object {},
          ],
        ],
      },
      Object {
        "_": ";",
        "tags": Array [
          Array [
            "code",
            Object {
              "style": Object {
                "background-color": "#2B2B2B",
                "color": "#89ddff",
              },
            },
          ],
          Array [
            "small",
            Object {},
          ],
        ],
      },
    ],
    "style": undefined,
  },
]
`;

exports[`pipe snapshot tests offset images 1`] = `
Array [
  Object {
    "nodes": Array [],
    "style": undefined,
  },
  Object {
    "nodes": Array [
      Object {
        "_": "let ",
        "tags": Array [
          Array [
            "code",
            Object {
              "style": Object {
                "background-color": "#2B2B2B",
                "color": "#c792ea",
              },
            },
          ],
          Array [
            "small",
            Object {},
          ],
          Array [
            "em",
            Object {},
          ],
        ],
      },
      Object {
        "_": "it ",
        "tags": Array [
          Array [
            "code",
            Object {
              "style": Object {
                "background-color": "#2B2B2B",
              },
            },
          ],
          Array [
            "small",
            Object {},
          ],
          Array [
            "em",
            Object {},
          ],
        ],
      },
      Object {
        "_": "= ",
        "tags": Array [
          Array [
            "code",
            Object {
              "style": Object {
                "background-color": "#2B2B2B",
                "color": "#89ddff",
              },
            },
          ],
          Array [
            "small",
            Object {},
          ],
          Array [
            "em",
            Object {},
          ],
        ],
      },
      Object {
        "_": "gen",
        "tags": Array [
          Array [
            "code",
            Object {
              "style": Object {
                "background-color": "#2B2B2B",
                "color": "#82aaff",
              },
            },
          ],
          Array [
            "small",
            Object {},
          ],
          Array [
            "em",
            Object {},
          ],
        ],
      },
      Object {
        "_": "()",
        "tags": Array [
          Array [
            "code",
            Object {
              "style": Object {
                "background-color": "#2B2B2B",
                "color": "#f78c6c",
              },
            },
          ],
          Array [
            "small",
            Object {},
          ],
          Array [
            "em",
            Object {},
          ],
        ],
      },
      Object {
        "_": ";",
        "tags": Array [
          Array [
            "code",
            Object {
              "style": Object {
                "background-color": "#2B2B2B",
                "color": "#89ddff",
              },
            },
          ],
          Array [
            "small",
            Object {},
          ],
          Array [
            "em",
            Object {},
          ],
        ],
      },
    ],
    "style": undefined,
  },
  Object {
    "nodes": Array [
      Object {
        "_": "console",
        "tags": Array [
          Array [
            "code",
            Object {
              "style": Object {
                "background-color": "#9a1197",
                "color": "#c792ea",
              },
            },
          ],
          Array [
            "small",
            Object {},
          ],
          Array [
            "em",
            Object {},
          ],
        ],
      },
      Object {
        "_": ".",
        "tags": Array [
          Array [
            "code",
            Object {
              "style": Object {
                "background-color": "#9a1197",
                "color": "#89ddff",
              },
            },
          ],
          Array [
            "small",
            Object {},
          ],
          Array [
            "em",
            Object {},
          ],
        ],
      },
      Object {
        "_": "log",
        "tags": Array [
          Array [
            "code",
            Object {
              "style": Object {
                "background-color": "#9a1197",
                "color": "#82aaff",
              },
            },
          ],
          Array [
            "small",
            Object {},
          ],
          Array [
            "em",
            Object {},
          ],
        ],
      },
      Object {
        "_": "(",
        "tags": Array [
          Array [
            "code",
            Object {
              "style": Object {
                "background-color": "#9a1197",
                "color": "#f78c6c",
              },
            },
          ],
          Array [
            "small",
            Object {},
          ],
          Array [
            "em",
            Object {},
          ],
        ],
      },
      Object {
        "_": "it",
        "tags": Array [
          Array [
            "code",
            Object {
              "style": Object {
                "background-color": "#9a1197",
              },
            },
          ],
          Array [
            "small",
            Object {},
          ],
          Array [
            "em",
            Object {},
          ],
        ],
      },
      Object {
        "_": ".",
        "tags": Array [
          Array [
            "code",
            Object {
              "style": Object {
                "background-color": "#9a1197",
                "color": "#89ddff",
              },
            },
          ],
          Array [
            "small",
            Object {},
          ],
          Array [
            "em",
            Object {},
          ],
        ],
      },
      Object {
        "_": "next",
        "tags": Array [
          Array [
            "code",
            Object {
              "style": Object {
                "background-color": "#9a1197",
                "color": "#82aaff",
              },
            },
          ],
          Array [
            "small",
            Object {},
          ],
          Array [
            "em",
            Object {},
          ],
        ],
      },
      Object {
        "_": "())",
        "tags": Array [
          Array [
            "code",
            Object {
              "style": Object {
                "background-color": "#9a1197",
                "color": "#f78c6c",
              },
            },
          ],
          Array [
            "small",
            Object {},
          ],
          Array [
            "em",
            Object {},
          ],
        ],
      },
      Object {
        "_": ";",
        "tags": Array [
          Array [
            "code",
            Object {
              "style": Object {
                "background-color": "#9a1197",
                "color": "#89ddff",
              },
            },
          ],
          Array [
            "small",
            Object {},
          ],
          Array [
            "em",
            Object {},
          ],
        ],
      },
    ],
    "style": undefined,
  },
  Object {
    "nodes": Array [
      Object {
        "_": "console",
        "tags": Array [
          Array [
            "code",
            Object {
              "style": Object {
                "background-color": "#498b49",
                "color": "#c792ea",
              },
            },
          ],
          Array [
            "small",
            Object {},
          ],
          Array [
            "em",
            Object {},
          ],
        ],
      },
      Object {
        "_": ".",
        "tags": Array [
          Array [
            "code",
            Object {
              "style": Object {
                "background-color": "#498b49",
                "color": "#89ddff",
              },
            },
          ],
          Array [
            "small",
            Object {},
          ],
          Array [
            "em",
            Object {},
          ],
        ],
      },
      Object {
        "_": "log",
        "tags": Array [
          Array [
            "code",
            Object {
              "style": Object {
                "background-color": "#498b49",
                "color": "#82aaff",
              },
            },
          ],
          Array [
            "small",
            Object {},
          ],
          Array [
            "em",
            Object {},
          ],
        ],
      },
      Object {
        "_": "(",
        "tags": Array [
          Array [
            "code",
            Object {
              "style": Object {
                "background-color": "#498b49",
                "color": "#f78c6c",
              },
            },
          ],
          Array [
            "small",
            Object {},
          ],
          Array [
            "em",
            Object {},
          ],
        ],
      },
      Object {
        "_": "it",
        "tags": Array [
          Array [
            "code",
            Object {
              "style": Object {
                "background-color": "#498b49",
              },
            },
          ],
          Array [
            "small",
            Object {},
          ],
          Array [
            "em",
            Object {},
          ],
        ],
      },
      Object {
        "_": ".",
        "tags": Array [
          Array [
            "code",
            Object {
              "style": Object {
                "background-color": "#498b49",
                "color": "#89ddff",
              },
            },
          ],
          Array [
            "small",
            Object {},
          ],
          Array [
            "em",
            Object {},
          ],
        ],
      },
      Object {
        "_": "next",
        "tags": Array [
          Array [
            "code",
            Object {
              "style": Object {
                "background-color": "#498b49",
                "color": "#82aaff",
              },
            },
          ],
          Array [
            "small",
            Object {},
          ],
          Array [
            "em",
            Object {},
          ],
        ],
      },
      Object {
        "_": "(5))",
        "tags": Array [
          Array [
            "code",
            Object {
              "style": Object {
                "background-color": "#498b49",
                "color": "#f78c6c",
              },
            },
          ],
          Array [
            "small",
            Object {},
          ],
          Array [
            "em",
            Object {},
          ],
        ],
      },
      Object {
        "_": ";",
        "tags": Array [
          Array [
            "code",
            Object {
              "style": Object {
                "background-color": "#498b49",
                "color": "#89ddff",
              },
            },
          ],
          Array [
            "small",
            Object {},
          ],
          Array [
            "em",
            Object {},
          ],
        ],
      },
    ],
    "style": undefined,
  },
  Object {
    "nodes": Array [],
    "style": undefined,
  },
  Object {
    "nodes": Array [],
    "style": undefined,
  },
  Object {
    "nodes": Array [
      Object {
        "$": Object {
          "height": 100,
          "justification": "left",
          "width": 100,
        },
        "other_attributes": Object {
          "offset": 68,
        },
        "style": Object {
          "height": "100px",
          "width": "100px",
        },
        "type": "png",
      },
    ],
    "style": undefined,
  },
  Object {
    "nodes": Array [],
    "style": undefined,
  },
  Object {
    "nodes": Array [],
    "style": undefined,
  },
  Object {
    "nodes": Array [
      "example2",
    ],
    "style": undefined,
  },
  Object {
    "nodes": Array [
      Object {
        "$": Object {
          "height": 200,
          "justification": "left",
          "width": 200,
        },
        "other_attributes": Object {
          "offset": 81,
        },
        "style": Object {
          "height": "200px",
          "width": "200px",
        },
        "type": "png",
      },
    ],
    "style": undefined,
  },
  Object {
    "nodes": Array [
      "(run is equivalent to it.next)",
    ],
    "style": undefined,
  },
]
`;

exports[`pipe snapshot tests offset images 2`] = `
Array [
  Object {
    "nodes": Array [
      Object {
        "_": " ",
        "tags": Array [
          Array [
            "code",
            Object {
              "style": Object {
                "background-color": "#498b49",
                "color": "#89ddff",
              },
            },
          ],
          Array [
            "small",
            Object {},
          ],
          Array [
            "em",
            Object {},
          ],
        ],
      },
      Object {
        "_": " 5",
        "tags": Array [
          Array [
            "code",
            Object {
              "style": Object {
                "background-color": "#498b49",
                "color": "#ffffff",
              },
            },
          ],
          Array [
            "small",
            Object {},
          ],
          Array [
            "em",
            Object {},
          ],
        ],
      },
    ],
    "style": undefined,
  },
  Object {
    "nodes": Array [
      Object {
        "_": "  ",
        "tags": Array [
          Array [
            "code",
            Object {
              "style": Object {
                "background-color": "#498b49",
                "color": "#89ddff",
              },
            },
          ],
          Array [
            "small",
            Object {},
          ],
          Array [
            "em",
            Object {},
          ],
        ],
      },
      Object {
        "_": "let ",
        "tags": Array [
          Array [
            "code",
            Object {
              "style": Object {
                "background-color": "#498b49",
                "color": "#c792ea",
              },
            },
          ],
          Array [
            "small",
            Object {},
          ],
          Array [
            "em",
            Object {},
          ],
        ],
      },
      Object {
        "_": "y ",
        "tags": Array [
          Array [
            "code",
            Object {
              "style": Object {
                "background-color": "#498b49",
              },
            },
          ],
          Array [
            "small",
            Object {},
          ],
          Array [
            "em",
            Object {},
          ],
        ],
      },
      Object {
        "_": "= ",
        "tags": Array [
          Array [
            "code",
            Object {
              "style": Object {
                "background-color": "#498b49",
                "color": "#89ddff",
              },
            },
          ],
          Array [
            "small",
            Object {},
          ],
          Array [
            "em",
            Object {},
          ],
        ],
      },
      Object {
        "_": "0 ",
        "tags": Array [
          Array [
            "code",
            Object {
              "style": Object {
                "background-color": "#498b49",
                "color": "#f78c6c",
              },
            },
          ],
          Array [
            "small",
            Object {},
          ],
          Array [
            "em",
            Object {},
          ],
        ],
      },
      Object {
        "_": "+ ",
        "tags": Array [
          Array [
            "code",
            Object {
              "style": Object {
                "background-color": "#498b49",
                "color": "#89ddff",
              },
            },
          ],
          Array [
            "small",
            Object {},
          ],
          Array [
            "em",
            Object {},
          ],
        ],
      },
    ],
    "style": undefined,
  },
  Object {
    "nodes": Array [],
    "style": undefined,
  },
  Object {
    "nodes": Array [
      Object {
        "$": Object {
          "height": 100,
          "justification": "left",
          "width": 100,
        },
        "other_attributes": Object {
          "offset": 20,
        },
        "style": Object {
          "height": "100px",
          "width": "100px",
        },
        "type": "png",
      },
    ],
    "style": undefined,
  },
  Object {
    "nodes": Array [],
    "style": undefined,
  },
  Object {
    "nodes": Array [],
    "style": undefined,
  },
  Object {
    "nodes": Array [
      "example2",
    ],
    "style": undefined,
  },
  Object {
    "nodes": Array [
      Object {
        "$": Object {
          "height": 200,
          "justification": "left",
          "width": 200,
        },
        "other_attributes": Object {
          "offset": 33,
        },
        "style": Object {
          "height": "200px",
          "width": "200px",
        },
        "type": "png",
      },
    ],
    "style": undefined,
  },
  Object {
    "nodes": Array [
      "(run is equivalent to it.next)",
    ],
    "style": undefined,
  },
]
`;

exports[`pipe snapshot tests offset images, tables, and codebox 1`] = `
Array [
  Object {
    "nodes": Array [
      "- fr",
      Object {
        "_": " and ",
        "tags": Array [
          Array [
            "span",
            Object {
              "style": Object {
                "color": "#ffffff",
              },
            },
          ],
        ],
      },
      Object {
        "_": "split",
        "tags": Array [
          Array [
            "code",
            Object {
              "style": Object {
                "background-color": "#2B2B2B",
                "color": "#ffffff",
              },
            },
          ],
        ],
      },
      Object {
        "_": ".",
        "tags": Array [
          Array [
            "span",
            Object {
              "style": Object {
                "color": "#ffffff",
              },
            },
          ],
        ],
      },
    ],
    "style": undefined,
  },
  Object {
    "nodes": Array [
      Object {
        "$": Object {
          "justification": "left",
        },
        "other_attributes": Object {
          "col_max_width": 100,
          "col_min_width": 100,
          "offset": 16,
        },
        "style": Object {},
        "table": Object {
          "td": Array [
            Array [
              "yacine",
              "26",
            ],
            Array [
              "kamel",
              "27",
            ],
            Array [
              "hachemi",
              "26",
            ],
            Array [
              "",
              "",
            ],
            Array [
              "",
              "",
            ],
            Array [
              "amine",
              "26",
            ],
          ],
          "th": Array [
            "name",
            "age",
          ],
        },
        "type": "table",
      },
    ],
    "style": undefined,
  },
  Object {
    "nodes": Array [],
    "style": undefined,
  },
  Object {
    "nodes": Array [],
    "style": undefined,
  },
  Object {
    "nodes": Array [
      ">regex functions",
    ],
    "style": undefined,
  },
  Object {
    "nodes": Array [
      "a) regex.test returns a boolean if the pattern matches",
    ],
    "style": undefined,
  },
  Object {
    "nodes": Array [
      Object {
        "_": "let ",
        "tags": Array [
          Array [
            "code",
            Object {
              "style": Object {
                "background-color": "#2B2B2B",
                "color": "#c792ea",
              },
            },
          ],
          Array [
            "small",
            Object {},
          ],
          Array [
            "em",
            Object {},
          ],
        ],
      },
      Object {
        "_": "str ",
        "tags": Array [
          Array [
            "code",
            Object {
              "style": Object {
                "background-color": "#2B2B2B",
              },
            },
          ],
          Array [
            "small",
            Object {},
          ],
          Array [
            "em",
            Object {},
          ],
        ],
      },
      Object {
        "_": "= ",
        "tags": Array [
          Array [
            "code",
            Object {
              "style": Object {
                "background-color": "#2B2B2B",
                "color": "#89ddff",
              },
            },
          ],
          Array [
            "small",
            Object {},
          ],
          Array [
            "em",
            Object {},
          ],
        ],
      },
      Object {
        "_": "\`Is this This?\`",
        "tags": Array [
          Array [
            "code",
            Object {
              "style": Object {
                "background-color": "#2B2B2B",
                "color": "#c3e88d",
              },
            },
          ],
          Array [
            "small",
            Object {},
          ],
          Array [
            "em",
            Object {},
          ],
        ],
      },
      Object {
        "_": ";",
        "tags": Array [
          Array [
            "code",
            Object {
              "style": Object {
                "background-color": "#2B2B2B",
                "color": "#89ddff",
              },
            },
          ],
          Array [
            "small",
            Object {},
          ],
          Array [
            "em",
            Object {},
          ],
        ],
      },
    ],
    "style": undefined,
  },
  Object {
    "nodes": Array [],
    "style": undefined,
  },
  Object {
    "nodes": Array [
      Object {
        "_": "console",
        "tags": Array [
          Array [
            "code",
            Object {
              "style": Object {
                "background-color": "#2B2B2B",
                "color": "#c792ea",
              },
            },
          ],
          Array [
            "small",
            Object {},
          ],
          Array [
            "em",
            Object {},
          ],
        ],
      },
      Object {
        "_": ".",
        "tags": Array [
          Array [
            "code",
            Object {
              "style": Object {
                "background-color": "#2B2B2B",
                "color": "#89ddff",
              },
            },
          ],
          Array [
            "small",
            Object {},
          ],
          Array [
            "em",
            Object {},
          ],
        ],
      },
      Object {
        "_": "log",
        "tags": Array [
          Array [
            "code",
            Object {
              "style": Object {
                "background-color": "#2B2B2B",
                "color": "#82aaff",
              },
            },
          ],
          Array [
            "small",
            Object {},
          ],
          Array [
            "em",
            Object {},
          ],
        ],
      },
      Object {
        "_": "(",
        "tags": Array [
          Array [
            "code",
            Object {
              "style": Object {
                "background-color": "#2B2B2B",
                "color": "#f78c6c",
              },
            },
          ],
          Array [
            "small",
            Object {},
          ],
          Array [
            "em",
            Object {},
          ],
        ],
      },
      Object {
        "_": "/isd/g",
        "tags": Array [
          Array [
            "code",
            Object {
              "style": Object {
                "background-color": "#2B2B2B",
                "color": "#c3e88d",
              },
            },
          ],
          Array [
            "small",
            Object {},
          ],
          Array [
            "em",
            Object {},
          ],
        ],
      },
      Object {
        "_": ".",
        "tags": Array [
          Array [
            "code",
            Object {
              "style": Object {
                "background-color": "#2B2B2B",
                "color": "#89ddff",
              },
            },
          ],
          Array [
            "small",
            Object {},
          ],
          Array [
            "em",
            Object {},
          ],
        ],
      },
      Object {
        "_": "test",
        "tags": Array [
          Array [
            "code",
            Object {
              "style": Object {
                "background-color": "#2B2B2B",
                "color": "#82aaff",
              },
            },
          ],
          Array [
            "small",
            Object {},
          ],
          Array [
            "em",
            Object {},
          ],
        ],
      },
      Object {
        "_": "(",
        "tags": Array [
          Array [
            "code",
            Object {
              "style": Object {
                "background-color": "#2B2B2B",
                "color": "#f78c6c",
              },
            },
          ],
          Array [
            "small",
            Object {},
          ],
          Array [
            "em",
            Object {},
          ],
        ],
      },
      Object {
        "_": "str",
        "tags": Array [
          Array [
            "code",
            Object {
              "style": Object {
                "background-color": "#2B2B2B",
              },
            },
          ],
          Array [
            "small",
            Object {},
          ],
          Array [
            "em",
            Object {},
          ],
        ],
      },
      Object {
        "_": "))",
        "tags": Array [
          Array [
            "code",
            Object {
              "style": Object {
                "background-color": "#2B2B2B",
                "color": "#f78c6c",
              },
            },
          ],
          Array [
            "small",
            Object {},
          ],
          Array [
            "em",
            Object {},
          ],
        ],
      },
      Object {
        "_": "; ",
        "tags": Array [
          Array [
            "code",
            Object {
              "style": Object {
                "background-color": "#2B2B2B",
                "color": "#89ddff",
              },
            },
          ],
          Array [
            "small",
            Object {},
          ],
          Array [
            "em",
            Object {},
          ],
        ],
      },
      Object {
        "_": "// false",
        "tags": Array [
          Array [
            "code",
            Object {
              "style": Object {
                "background-color": "#2B2B2B",
                "color": "#546e7a",
              },
            },
          ],
          Array [
            "small",
            Object {},
          ],
          Array [
            "em",
            Object {},
          ],
        ],
      },
    ],
    "style": undefined,
  },
  Object {
    "nodes": Array [
      Object {
        "_": "console",
        "tags": Array [
          Array [
            "code",
            Object {
              "style": Object {
                "background-color": "#2B2B2B",
                "color": "#c792ea",
              },
            },
          ],
          Array [
            "small",
            Object {},
          ],
          Array [
            "em",
            Object {},
          ],
        ],
      },
      Object {
        "_": ".",
        "tags": Array [
          Array [
            "code",
            Object {
              "style": Object {
                "background-color": "#2B2B2B",
                "color": "#89ddff",
              },
            },
          ],
          Array [
            "small",
            Object {},
          ],
          Array [
            "em",
            Object {},
          ],
        ],
      },
      Object {
        "_": "log",
        "tags": Array [
          Array [
            "code",
            Object {
              "style": Object {
                "background-color": "#2B2B2B",
                "color": "#82aaff",
              },
            },
          ],
          Array [
            "small",
            Object {},
          ],
          Array [
            "em",
            Object {},
          ],
        ],
      },
      Object {
        "_": "(",
        "tags": Array [
          Array [
            "code",
            Object {
              "style": Object {
                "background-color": "#2B2B2B",
                "color": "#f78c6c",
              },
            },
          ],
          Array [
            "small",
            Object {},
          ],
          Array [
            "em",
            Object {},
          ],
        ],
      },
      Object {
        "_": "/is/g",
        "tags": Array [
          Array [
            "code",
            Object {
              "style": Object {
                "background-color": "#2B2B2B",
                "color": "#c3e88d",
              },
            },
          ],
          Array [
            "small",
            Object {},
          ],
          Array [
            "em",
            Object {},
          ],
        ],
      },
      Object {
        "_": ".",
        "tags": Array [
          Array [
            "code",
            Object {
              "style": Object {
                "background-color": "#2B2B2B",
                "color": "#89ddff",
              },
            },
          ],
          Array [
            "small",
            Object {},
          ],
          Array [
            "em",
            Object {},
          ],
        ],
      },
      Object {
        "_": "test",
        "tags": Array [
          Array [
            "code",
            Object {
              "style": Object {
                "background-color": "#2B2B2B",
                "color": "#82aaff",
              },
            },
          ],
          Array [
            "small",
            Object {},
          ],
          Array [
            "em",
            Object {},
          ],
        ],
      },
      Object {
        "_": "(",
        "tags": Array [
          Array [
            "code",
            Object {
              "style": Object {
                "background-color": "#2B2B2B",
                "color": "#f78c6c",
              },
            },
          ],
          Array [
            "small",
            Object {},
          ],
          Array [
            "em",
            Object {},
          ],
        ],
      },
      Object {
        "_": "str",
        "tags": Array [
          Array [
            "code",
            Object {
              "style": Object {
                "background-color": "#2B2B2B",
              },
            },
          ],
          Array [
            "small",
            Object {},
          ],
          Array [
            "em",
            Object {},
          ],
        ],
      },
      Object {
        "_": "))",
        "tags": Array [
          Array [
            "code",
            Object {
              "style": Object {
                "background-color": "#2B2B2B",
                "color": "#f78c6c",
              },
            },
          ],
          Array [
            "small",
            Object {},
          ],
          Array [
            "em",
            Object {},
          ],
        ],
      },
      Object {
        "_": "; ",
        "tags": Array [
          Array [
            "code",
            Object {
              "style": Object {
                "background-color": "#2B2B2B",
                "color": "#89ddff",
              },
            },
          ],
          Array [
            "small",
            Object {},
          ],
          Array [
            "em",
            Object {},
          ],
        ],
      },
      Object {
        "_": "// true",
        "tags": Array [
          Array [
            "code",
            Object {
              "style": Object {
                "background-color": "#2B2B2B",
                "color": "#546e7a",
              },
            },
          ],
          Array [
            "small",
            Object {},
          ],
          Array [
            "em",
            Object {},
          ],
        ],
      },
    ],
    "style": undefined,
  },
  Object {
    "nodes": Array [],
    "style": undefined,
  },
  Object {
    "nodes": Array [
      "b) regex.exec returns a regexArray",
    ],
    "style": undefined,
  },
  Object {
    "nodes": Array [
      Object {
        "_": "let ",
        "tags": Array [
          Array [
            "code",
            Object {
              "style": Object {
                "background-color": "#2B2B2B",
                "color": "#c792ea",
              },
            },
          ],
          Array [
            "small",
            Object {},
          ],
          Array [
            "em",
            Object {},
          ],
        ],
      },
      Object {
        "_": "str ",
        "tags": Array [
          Array [
            "code",
            Object {
              "style": Object {
                "background-color": "#2B2B2B",
              },
            },
          ],
          Array [
            "small",
            Object {},
          ],
          Array [
            "em",
            Object {},
          ],
        ],
      },
      Object {
        "_": "= ",
        "tags": Array [
          Array [
            "code",
            Object {
              "style": Object {
                "background-color": "#2B2B2B",
                "color": "#89ddff",
              },
            },
          ],
          Array [
            "small",
            Object {},
          ],
          Array [
            "em",
            Object {},
          ],
        ],
      },
      Object {
        "_": "\`Is this This?\`",
        "tags": Array [
          Array [
            "code",
            Object {
              "style": Object {
                "background-color": "#2B2B2B",
                "color": "#c3e88d",
              },
            },
          ],
          Array [
            "small",
            Object {},
          ],
          Array [
            "em",
            Object {},
          ],
        ],
      },
      Object {
        "_": ";",
        "tags": Array [
          Array [
            "code",
            Object {
              "style": Object {
                "background-color": "#2B2B2B",
                "color": "#89ddff",
              },
            },
          ],
          Array [
            "small",
            Object {},
          ],
          Array [
            "em",
            Object {},
          ],
        ],
      },
    ],
    "style": undefined,
  },
  Object {
    "nodes": Array [],
    "style": undefined,
  },
  Object {
    "nodes": Array [
      Object {
        "_": "let ",
        "tags": Array [
          Array [
            "code",
            Object {
              "style": Object {
                "background-color": "#2B2B2B",
                "color": "#c792ea",
              },
            },
          ],
          Array [
            "small",
            Object {},
          ],
          Array [
            "em",
            Object {},
          ],
        ],
      },
      Object {
        "_": "regex ",
        "tags": Array [
          Array [
            "code",
            Object {
              "style": Object {
                "background-color": "#2B2B2B",
              },
            },
          ],
          Array [
            "small",
            Object {},
          ],
          Array [
            "em",
            Object {},
          ],
        ],
      },
      Object {
        "_": "= ",
        "tags": Array [
          Array [
            "code",
            Object {
              "style": Object {
                "background-color": "#2B2B2B",
                "color": "#89ddff",
              },
            },
          ],
          Array [
            "small",
            Object {},
          ],
          Array [
            "em",
            Object {},
          ],
        ],
      },
      Object {
        "_": "/is/g",
        "tags": Array [
          Array [
            "code",
            Object {
              "style": Object {
                "background-color": "#2B2B2B",
                "color": "#c3e88d",
              },
            },
          ],
          Array [
            "small",
            Object {},
          ],
          Array [
            "em",
            Object {},
          ],
        ],
      },
      Object {
        "_": ";",
        "tags": Array [
          Array [
            "code",
            Object {
              "style": Object {
                "background-color": "#2B2B2B",
                "color": "#89ddff",
              },
            },
          ],
          Array [
            "small",
            Object {},
          ],
          Array [
            "em",
            Object {},
          ],
        ],
      },
    ],
    "style": undefined,
  },
  Object {
    "nodes": Array [
      Object {
        "_": "console",
        "tags": Array [
          Array [
            "code",
            Object {
              "style": Object {
                "background-color": "#2B2B2B",
                "color": "#c792ea",
              },
            },
          ],
          Array [
            "small",
            Object {},
          ],
          Array [
            "em",
            Object {},
          ],
        ],
      },
      Object {
        "_": ".",
        "tags": Array [
          Array [
            "code",
            Object {
              "style": Object {
                "background-color": "#2B2B2B",
                "color": "#89ddff",
              },
            },
          ],
          Array [
            "small",
            Object {},
          ],
          Array [
            "em",
            Object {},
          ],
        ],
      },
      Object {
        "_": "log",
        "tags": Array [
          Array [
            "code",
            Object {
              "style": Object {
                "background-color": "#2B2B2B",
                "color": "#82aaff",
              },
            },
          ],
          Array [
            "small",
            Object {},
          ],
          Array [
            "em",
            Object {},
          ],
        ],
      },
      Object {
        "_": "(",
        "tags": Array [
          Array [
            "code",
            Object {
              "style": Object {
                "background-color": "#2B2B2B",
                "color": "#f78c6c",
              },
            },
          ],
          Array [
            "small",
            Object {},
          ],
          Array [
            "em",
            Object {},
          ],
        ],
      },
      Object {
        "_": "regex",
        "tags": Array [
          Array [
            "code",
            Object {
              "style": Object {
                "background-color": "#2B2B2B",
              },
            },
          ],
          Array [
            "small",
            Object {},
          ],
          Array [
            "em",
            Object {},
          ],
        ],
      },
      Object {
        "_": ".",
        "tags": Array [
          Array [
            "code",
            Object {
              "style": Object {
                "background-color": "#2B2B2B",
                "color": "#89ddff",
              },
            },
          ],
          Array [
            "small",
            Object {},
          ],
          Array [
            "em",
            Object {},
          ],
        ],
      },
      Object {
        "_": "exec",
        "tags": Array [
          Array [
            "code",
            Object {
              "style": Object {
                "background-color": "#2B2B2B",
                "color": "#82aaff",
              },
            },
          ],
          Array [
            "small",
            Object {},
          ],
          Array [
            "em",
            Object {},
          ],
        ],
      },
      Object {
        "_": "(",
        "tags": Array [
          Array [
            "code",
            Object {
              "style": Object {
                "background-color": "#2B2B2B",
                "color": "#f78c6c",
              },
            },
          ],
          Array [
            "small",
            Object {},
          ],
          Array [
            "em",
            Object {},
          ],
        ],
      },
      Object {
        "_": "str",
        "tags": Array [
          Array [
            "code",
            Object {
              "style": Object {
                "background-color": "#2B2B2B",
              },
            },
          ],
          Array [
            "small",
            Object {},
          ],
          Array [
            "em",
            Object {},
          ],
        ],
      },
      Object {
        "_": "))",
        "tags": Array [
          Array [
            "code",
            Object {
              "style": Object {
                "background-color": "#2B2B2B",
                "color": "#f78c6c",
              },
            },
          ],
          Array [
            "small",
            Object {},
          ],
          Array [
            "em",
            Object {},
          ],
        ],
      },
      Object {
        "_": ";",
        "tags": Array [
          Array [
            "code",
            Object {
              "style": Object {
                "background-color": "#2B2B2B",
                "color": "#89ddff",
              },
            },
          ],
          Array [
            "small",
            Object {},
          ],
          Array [
            "em",
            Object {},
          ],
        ],
      },
    ],
    "style": undefined,
  },
  Object {
    "nodes": Array [
      Object {
        "_": "// [ 'is', index: 5, input: 'Is this This?', groups: undefined ]",
        "tags": Array [
          Array [
            "code",
            Object {
              "style": Object {
                "background-color": "#2B2B2B",
                "color": "#546e7a",
              },
            },
          ],
          Array [
            "small",
            Object {},
          ],
          Array [
            "em",
            Object {},
          ],
        ],
      },
    ],
    "style": undefined,
  },
  Object {
    "nodes": Array [],
    "style": undefined,
  },
  Object {
    "nodes": Array [
      "unlike ",
      Object {
        "_": "test",
        "tags": Array [
          Array [
            "code",
            Object {
              "style": Object {
                "background-color": "#2B2B2B",
              },
            },
          ],
          Array [
            "small",
            Object {},
          ],
        ],
      },
      ", the ",
      Object {
        "_": "exec",
        "tags": Array [
          Array [
            "code",
            Object {
              "style": Object {
                "background-color": "#2B2B2B",
              },
            },
          ],
          Array [
            "small",
            Object {},
          ],
        ],
      },
      " method is stateful: ",
    ],
    "style": undefined,
  },
  Object {
    "nodes": Array [
      Object {
        "$": Object {
          "height": 100,
          "justification": "left",
          "width": 100,
        },
        "other_attributes": Object {
          "offset": 420,
        },
        "style": Object {
          "height": "100px",
          "width": "100px",
        },
        "type": "png",
      },
    ],
    "style": undefined,
  },
  Object {
    "nodes": Array [],
    "style": undefined,
  },
  Object {
    "nodes": Array [
      ">string functions",
    ],
    "style": undefined,
  },
  Object {
    "nodes": Array [
      "a) ",
      Object {
        "_": "str.match",
        "tags": Array [
          Array [
            "code",
            Object {
              "style": Object {
                "background-color": "#2B2B2B",
              },
            },
          ],
          Array [
            "small",
            Object {},
          ],
        ],
      },
    ],
    "style": undefined,
  },
  Object {
    "nodes": Array [
      Object {
        "_": "let ",
        "tags": Array [
          Array [
            "em",
            Object {
              "style": Object {
                "color": "#c792ea",
              },
            },
          ],
        ],
      },
      Object {
        "_": "str ",
        "tags": Array [
          Array [
            "em",
            Object {
              "style": Object {},
            },
          ],
        ],
      },
      Object {
        "_": "= ",
        "tags": Array [
          Array [
            "em",
            Object {
              "style": Object {
                "color": "#89ddff",
              },
            },
          ],
        ],
      },
      Object {
        "_": "\`Is this This?\`",
        "tags": Array [
          Array [
            "em",
            Object {
              "style": Object {
                "color": "#c3e88d",
              },
            },
          ],
        ],
      },
      Object {
        "_": ";",
        "tags": Array [
          Array [
            "em",
            Object {
              "style": Object {
                "color": "#89ddff",
              },
            },
          ],
        ],
      },
    ],
    "style": undefined,
  },
  Object {
    "nodes": Array [],
    "style": undefined,
  },
  Object {
    "nodes": Array [],
    "style": undefined,
  },
  Object {
    "nodes": Array [
      ">basic regex playground using ",
      Object {
        "_": "str.replace",
        "tags": Array [
          Array [
            "code",
            Object {
              "style": Object {
                "background-color": "#2B2B2B",
              },
            },
          ],
          Array [
            "small",
            Object {},
          ],
        ],
      },
    ],
    "style": undefined,
  },
  Object {
    "nodes": Array [
      Object {
        "$": Object {
          "height": 100,
          "justification": "left",
          "width": 100,
        },
        "_": "codebox0",
        "other_attributes": Object {
          "do_highl_bra": 1,
          "is_width_pix": 1,
          "o_show_linenum": 1,
          "offset": 525,
          "syntax": "js",
          "width_raw": 100,
        },
        "style": Object {
          "height": "100px",
          "width": "100px",
        },
        "type": "code",
      },
    ],
    "style": undefined,
  },
  Object {
    "nodes": Array [
      Object {
        "$": Object {
          "height": 200,
          "justification": "left",
          "width": 200,
        },
        "_": "codebox1",
        "other_attributes": Object {
          "do_highl_bra": 1,
          "is_width_pix": 1,
          "o_show_linenum": 1,
          "offset": 527,
          "syntax": "js",
          "width_raw": 200,
        },
        "style": Object {
          "height": "200px",
          "width": "200px",
        },
        "type": "code",
      },
    ],
    "style": undefined,
  },
  Object {
    "nodes": Array [
      Object {
        "$": Object {
          "height": 200,
          "justification": "left",
          "width": 200,
        },
        "other_attributes": Object {
          "offset": 529,
        },
        "style": Object {
          "height": "200px",
          "width": "200px",
        },
        "type": "png",
      },
    ],
    "style": undefined,
  },
  Object {
    "nodes": Array [
      "*",
    ],
    "style": undefined,
  },
  Object {
    "nodes": Array [
      ">my react alternative",
    ],
    "style": undefined,
  },
  Object {
    "nodes": Array [
      Object {
        "$": Object {
          "height": 300,
          "justification": "left",
          "width": 300,
        },
        "other_attributes": Object {
          "offset": 555,
        },
        "style": Object {
          "height": "300px",
          "width": "300px",
        },
        "type": "png",
      },
    ],
    "style": undefined,
  },
  Object {
    "nodes": Array [
      "- full code",
    ],
    "style": undefined,
  },
  Object {
    "nodes": Array [
      Object {
        "_": "i",
        "tags": Array [
          Array [
            "code",
            Object {
              "style": Object {
                "background-color": "#2B2B2B",
                "color": "#89ddff",
              },
            },
          ],
          Array [
            "small",
            Object {},
          ],
          Array [
            "em",
            Object {},
          ],
        ],
      },
    ],
    "style": undefined,
  },
]
`;

exports[`pipe snapshot tests tailing image not rendered 1`] = `
Array [
  Object {
    "nodes": Array [
      "promises can be chained together",
    ],
    "style": undefined,
  },
  Object {
    "nodes": Array [
      ">example",
    ],
    "style": undefined,
  },
  Object {
    "nodes": Array [
      Object {
        "$": Object {
          "height": 100,
          "justification": "left",
          "width": 100,
        },
        "other_attributes": Object {
          "offset": 42,
        },
        "style": Object {
          "height": "100px",
          "width": "100px",
        },
        "type": "png",
      },
    ],
    "style": undefined,
  },
  Object {
    "nodes": Array [
      "the ",
      Object {
        "_": ".then",
        "tags": Array [
          Array [
            "code",
            Object {
              "style": Object {
                "background-color": "#2B2B2B",
              },
            },
          ],
          Array [
            "small",
            Object {},
          ],
        ],
      },
      " on line 5 will \\"magically\\" wait for the promise from line 3",
    ],
    "style": undefined,
  },
  Object {
    "nodes": Array [],
    "style": undefined,
  },
  Object {
    "nodes": Array [
      ">example2",
    ],
    "style": undefined,
  },
  Object {
    "nodes": Array [
      Object {
        "$": Object {
          "height": 200,
          "justification": "left",
          "width": 200,
        },
        "other_attributes": Object {
          "offset": 125,
        },
        "style": Object {
          "height": "200px",
          "width": "200px",
        },
        "type": "png",
      },
    ],
    "style": undefined,
  },
]
`;

exports[`pipe snapshot tests tailing image not rendered 2`] = `
Array [
  Object {
    "nodes": Array [
      "haha",
    ],
    "style": undefined,
  },
  Object {
    "nodes": Array [
      Object {
        "$": Object {
          "height": 100,
          "justification": "left",
          "width": 100,
        },
        "other_attributes": Object {
          "offset": 5,
        },
        "style": Object {
          "height": "100px",
          "width": "100px",
        },
        "type": "png",
      },
      Object {
        "$": Object {
          "height": 200,
          "justification": "left",
          "width": 200,
        },
        "other_attributes": Object {
          "offset": 6,
        },
        "style": Object {
          "height": "200px",
          "width": "200px",
        },
        "type": "png",
      },
    ],
    "style": undefined,
  },
]
`;
